
> mesoflix_commodities@0.1.0 build
> next build

node.exe : ΓÜá 
Warning: Next.js 
inferred your 
workspace root, but it 
may not be correct.
At C:\Program Files\nod
ejs\npm.ps1:29 char:3
+   & $NODE_EXE 
$NPM_CLI_JS $args
+   ~~~~~~~~~~~~~~~~~~~
~~~~~~~~~~
    + CategoryInfo     
         : NotSpecifi  
  ed: (ΓÜá Warning:    
 Ne...not be correc    
t.:String) [], Rem    
oteException
    + FullyQualifiedEr 
   rorId : NativeComm  
  andError
 
 We detected multiple 
lockfiles and selected 
the directory of C:\Use
rs\Administrator\packag
e-lock.json as the 
root directory.
 To silence this 
warning, set 
`turbopack.root` in 
your Next.js config, 
or consider removing 
one of the lockfiles 
if it's not needed.
   See https://nextjs.o
rg/docs/app/api-referen
ce/config/next-config-j
s/turbopack#root-direct
ory for more 
information.
 Detected additional 
lockfiles: 
   * C:\Users\Administr
ator\Desktop\mesoflix_c
ommodities\mesoflix_com
modities\package-lock.j
son

Γû▓ Next.js 16.1.6 (Turbopack)
- Environments: .env

ΓÜá The "middleware" 
file convention is 
deprecated. Please use 
"proxy" instead. Learn 
more: https://nextjs.or
g/docs/messages/middlew
are-to-proxy
  Creating an optimized production build ...
Γ£ô Compiled successfully in 27.4s
  Running TypeScript ...
  Collecting page data using 3 workers ...
  Generating static pages using 3 workers (0/38) ...
  Generating static pages using 3 workers (9/38) 
  Generating static pages using 3 workers (18/38) 
  Generating static pages using 3 workers (28/38) 
Γ£ô Generating static pages using 3 workers (38/38) in 2.2s
  Finalizing page optimization ...

Route (app)
Γöî Γùï /
Γö£ Γùï /_not-found
Γö£ ╞Æ /api/analytics
Γö£ ╞Æ /api/auth/2fa/generate
Γö£ ╞Æ /api/auth/2fa/verify-login
Γö£ ╞Æ /api/auth/2fa/verify-setup
Γö£ ╞Æ /api/auth/login
Γö£ ╞Æ /api/auth/logout
Γö£ ╞Æ /api/auth/refresh
Γö£ ╞Æ /api/auth/register
Γö£ ╞Æ /api/balance
Γö£ ╞Æ /api/capital/connect
Γö£ ╞Æ /api/capital/select
Γö£ ╞Æ /api/chart/[epic]
Γö£ ╞Æ /api/dashboard
Γö£ ╞Æ /api/debug/env
Γö£ ╞Æ /api/engines
Γö£ ╞Æ /api/markets
Γö£ ╞Æ /api/notifications
Γö£ ╞Æ /api/prices
Γö£ ╞Æ /api/sentiment
Γö£ ╞Æ /api/stream
Γö£ ╞Æ /api/stream/[epic]
Γö£ ╞Æ /api/support/agent/auth/2fa
Γö£ ╞Æ /api/support/agent/auth/login
Γö£ ╞Æ /api/support/agent/auth/register
Γö£ ╞Æ /api/support/agent/tickets
Γö£ ╞Æ /api/support/agent/tickets/[id]/messages
Γö£ ╞Æ /api/support/tickets
Γö£ ╞Æ /api/support/tickets/[id]
Γö£ ╞Æ /api/trade
Γö£ ╞Æ /api/transactions
Γö£ ╞Æ /api/user
Γö£ Γùï /dashboard
Γö£ Γùï /dashboard/automation
Γö£ Γùï /dashboard/calendar
Γö£ Γùï /dashboard/settings
Γö£ Γùï /dashboard/support
Γö£ Γùï /dashboard/support/new
Γö£ ╞Æ /dashboard/support/ticket/[id]
Γö£ Γùï /dashboard/trade/manual
Γö£ Γùï /dashboard/trading
Γö£ Γùï /dashboard/transactions
Γö£ Γùï /login
Γö£ Γùï /privacy
Γö£ Γùï /risk
Γö£ Γùï /support
Γö£ Γùï /support/dashboard
Γö£ Γùï /support/login
Γö£ Γùï /support/register
Γöö Γùï /terms


╞Æ Proxy (Middleware)

Γùï  (Static)   prerendered as static content
╞Æ  (Dynamic)  server-rendered on demand

