--- Testing Aurum Momentum Breakout ---
Latest Price: 2036
Highest High (Res): 2075.5, Lowest Low (Sup): 2002.5
RSI(14): 43.11594202898551
{
  "direction": "NEUTRAL",
  "confidence": 0,
  "riskPercentage": 0,
  "reasoning": "Price is chopping in the middle of the range. Awaiting structural zone test."
}
Test execution finished.
