src/app/support/dashboard/page.tsx(138,59): error TS2304: Cannot find name 'Loader2'.
